
C:\Users\Admin\OneDrive\Desktop\FinalToyotaGr\src\pages\TrackVisualization.tsx
  19:45  error  Unexpected any. Specify a different type  @typescript-eslint/no-explicit-any

Γ£û 1 problem (1 error, 0 warnings)

